Warning: You are sending unauthenticated requests to the HF Hub. Please set a HF_TOKEN to enable higher rate limits and faster downloads.

Loading weights:   0%|          | 0/199 [00:00<?, ?it/s]
Loading weights:  58%|█████▊    | 116/199 [00:00<00:00, 1159.84it/s]
Loading weights: 100%|██████████| 199/199 [00:00<00:00, 1698.04it/s]
{
  "command": "run-daily",
  "stages": {
    "ingest": {
      "digests_total": 1360,
      "digests_changed": 4,
      "changed": [
        "news\\2026-09-30_000000_Publication-Sources.md",
        "news\\2026-09-30_065011_Inbox_ClawPilot - Daily AI News Digest - September 30, 2026.md",
        "news\\2026-09-30_065100_Final-Daily-AI-News-Digest.md",
        "news\\2026-09-30_070047_Inbox_Daily AI News Digest - September 30, 2026.md"
      ]
    },
    "split": {
      "digests_parsed": 1362,
      "articles_written": 13457,
      "events_parsed": 107,
      "event_articles_written": 78,
      "skipped_publication_sources": 40,
      "skipped_thin_articles": 4538
    },
    "index": {
      "articles_indexed": 9869,
      "embeddings": {
        "enabled": true,
        "added": 19,
        "total": 9869,
        "md_rewritten": 9868
      }
    },
    "dedupe": {
      "articles": 9869,
      "exact_duplicates": 6,
      "canonical": 7230,
      "semantic_duplicates": 2633,
      "related_links": 29815
    },
    "build-graph": {
      "status": "ok",
      "articles_linked": 9869,
      "wikilinks_emitted": 67429,
      "entity_hubs": 34,
      "topic_hubs": 8,
      "hubs_dir": "C:\\Users\\vdesai\\OneDrive - Microsoft\\Documents\\tvfr\\6-AIProj\\Newsletter\\ext-host\\hubs"
    },
    "validate-urls": {
      "checked": 4686,
      "ok": 3299,
      "broken": 1387,
      "missing": 5160,
      "skipped": 23
    },
    "repair-urls": {
      "attempted": 16,
      "repaired": 0,
      "unresolved": 16,
      "skipped": 0,
      "reverted": 0,
      "deferred": 0,
      "terminated": "completed",
      "elapsed_s": 278.9,
      "max_workers": 10
    },
    "build-site-daily": {
      "pages": 284,
      "articles": 9869,
      "canonical": 7230,
      "site_dir": "C:\\Users\\vdesai\\OneDrive - Microsoft\\Documents\\tvfr\\6-AIProj\\Newsletter\\ext-host\\site",
      "mode": "incremental",
      "changed_articles": 4711,
      "written_files": 229,
      "elapsed_s": 18.14
    },
    "publish": {
      "status": "dry-run",
      "note": "site/ generated locally; no remote publish configured"
    }
  },
  "run_log": "indexes\\runs\\run-20260930T173027+0000-a69064.json"
}
